To honour the JVM settings for this build a single-use Daemon process will be forked. For more on this, please refer to https://docs.gradle.org/9.2.0/userguide/gradle_daemon.html#sec:disabling_the_daemon in the Gradle documentation.
Daemon will be stopped at the end of the build 

> Configure project :
Fabric Loom: 1.14.6

> Task :compileJava NO-SOURCE
> Task :processResources NO-SOURCE
> Task :classes UP-TO-DATE

> Task :compileClientJava
C:\Users\27881\Documents\Opal-v2-build-main\src\client\java\wtf\oraculus\client\feature\module\impl\combat\velocity\VelocityMode.java:4: 错误: 找不到符号
import wtf.oraculus.event.impl.client.DisconnectEvent;
                                     ^
  符号:   类 DisconnectEvent
  位置: 程序包 wtf.oraculus.event.impl.client
C:\Users\27881\Documents\Opal-v2-build-main\src\client\java\wtf\oraculus\client\feature\module\impl\combat\velocity\VelocityMode.java:9: 错误: 找不到符号
import wtf.oraculus.event.impl.game.player.PreMovementPacketEvent;
                                          ^
  符号:   类 PreMovementPacketEvent
  位置: 程序包 wtf.oraculus.event.impl.game.player
C:\Users\27881\Documents\Opal-v2-build-main\src\client\java\wtf\oraculus\client\feature\module\impl\combat\velocity\VelocityMode.java:12: 错误: 找不到符号
import wtf.oraculus.client.feature.helper.impl.player.rotation.RotationEvent;
                                                              ^
  符号:   类 RotationEvent
  位置: 程序包 wtf.oraculus.client.feature.helper.impl.player.rotation
C:\Users\27881\Documents\Opal-v2-build-main\src\client\java\wtf\oraculus\client\feature\module\impl\combat\velocity\VelocityModule.java:11: 错误: 找不到符号
import wtf.oraculus.client.feature.module.property.impl.BooleanProperty;
                                                       ^
  符号:   类 BooleanProperty
  位置: 程序包 wtf.oraculus.client.feature.module.property.impl
C:\Users\27881\Documents\Opal-v2-build-main\src\client\java\wtf\oraculus\client\feature\module\impl\combat\velocity\VelocityModule.java:15: 错误: 找不到符号
import wtf.oraculus.client.feature.helper.impl.player.rotation.Rotation;
                                                              ^
  符号:   类 Rotation
  位置: 程序包 wtf.oraculus.client.feature.helper.impl.player.rotation
C:\Users\27881\Documents\Opal-v2-build-main\src\client\java\wtf\oraculus\client\feature\module\impl\combat\velocity\VelocityMode.java:34: 错误: 找不到符号
    public void onRotation(RotationEvent event) {
                           ^
  符号:   类 RotationEvent
  位置: 类 VelocityMode
C:\Users\27881\Documents\Opal-v2-build-main\src\client\java\wtf\oraculus\client\feature\module\impl\combat\velocity\VelocityMode.java:37: 错误: 找不到符号
    public void onMotion(PreMovementPacketEvent event) {
                         ^
  符号:   类 PreMovementPacketEvent
  位置: 类 VelocityMode
C:\Users\27881\Documents\Opal-v2-build-main\src\client\java\wtf\oraculus\client\feature\module\impl\combat\velocity\VelocityMode.java:43: 错误: 找不到符号
    public void onDisconnect(DisconnectEvent event) {
                             ^
  符号:   类 DisconnectEvent
  位置: 类 VelocityMode
C:\Users\27881\Documents\Opal-v2-build-main\src\client\java\wtf\oraculus\client\feature\module\impl\combat\velocity\VelocityMode.java:46: 错误: 找不到符号
    public void onPreMotion(PreMovementPacketEvent event) {
                            ^
  符号:   类 PreMovementPacketEvent
  位置: 类 VelocityMode
C:\Users\27881\Documents\Opal-v2-build-main\src\client\java\wtf\oraculus\client\feature\module\impl\combat\velocity\VelocityModule.java:27: 错误: 找不到符号
    public final BooleanProperty rotate = new BooleanProperty("Rotate", false);
                 ^
  符号:   类 BooleanProperty
  位置: 类 VelocityModule
C:\Users\27881\Documents\Opal-v2-build-main\src\client\java\wtf\oraculus\client\feature\module\impl\combat\velocity\VelocityModule.java:28: 错误: 找不到符号
    public final BooleanProperty followDirection = new BooleanProperty("Follow Direction", false);
                 ^
  符号:   类 BooleanProperty
  位置: 类 VelocityModule
C:\Users\27881\Documents\Opal-v2-build-main\src\client\java\wtf\oraculus\client\feature\module\impl\combat\velocity\VelocityModule.java:30: 错误: 找不到符号
    public final BooleanProperty debugLog = new BooleanProperty("Debug Log", false);
                 ^
  符号:   类 BooleanProperty
  位置: 类 VelocityModule
C:\Users\27881\Documents\Opal-v2-build-main\src\client\java\wtf\oraculus\client\feature\module\impl\combat\velocity\VelocityModule.java:33: 错误: 找不到符号
    public final BooleanProperty tryAttack = new BooleanProperty("Try Attack", true);
                 ^
  符号:   类 BooleanProperty
  位置: 类 VelocityModule
C:\Users\27881\Documents\Opal-v2-build-main\src\client\java\wtf\oraculus\client\feature\module\impl\combat\velocity\VelocityModule.java:34: 错误: 找不到符号
    public final BooleanProperty movementOverride = new BooleanProperty("Movement Override", false);
                 ^
  符号:   类 BooleanProperty
  位置: 类 VelocityModule
C:\Users\27881\Documents\Opal-v2-build-main\src\client\java\wtf\oraculus\client\feature\module\impl\combat\velocity\VelocityModule.java:37: 错误: 找不到符号
    public final BooleanProperty autoAttackCount = new BooleanProperty("Auto Attack Count", true);
                 ^
  符号:   类 BooleanProperty
  位置: 类 VelocityModule
C:\Users\27881\Documents\Opal-v2-build-main\src\client\java\wtf\oraculus\client\feature\module\impl\combat\velocity\VelocityModule.java:39: 错误: 找不到符号
    public final BooleanProperty instantAttack = new BooleanProperty("Instant Attack", true);
                 ^
  符号:   类 BooleanProperty
  位置: 类 VelocityModule
C:\Users\27881\Documents\Opal-v2-build-main\src\client\java\wtf\oraculus\client\feature\module\impl\combat\velocity\VelocityModule.java:40: 错误: 找不到符号
    public final BooleanProperty sprintStateCheck = new BooleanProperty("Sprint State Check", true);
                 ^
  符号:   类 BooleanProperty
  位置: 类 VelocityModule
C:\Users\27881\Documents\Opal-v2-build-main\src\client\java\wtf\oraculus\client\feature\module\impl\combat\velocity\VelocityModule.java:43: 错误: 找不到符号
    public static Rotation rotation = null;
                  ^
  符号:   类 Rotation
  位置: 类 VelocityModule
C:\Users\27881\Documents\Opal-v2-build-main\src\client\java\wtf\oraculus\client\feature\module\impl\combat\velocity\impl\JumpResetMode.java:8: 错误: 找不到符号
import wtf.oraculus.client.feature.helper.impl.player.rotation.Rotation;
                                                              ^
  符号:   类 Rotation
  位置: 程序包 wtf.oraculus.client.feature.helper.impl.player.rotation
C:\Users\27881\Documents\Opal-v2-build-main\src\client\java\wtf\oraculus\client\feature\module\impl\combat\velocity\impl\JumpResetMode.java:12: 错误: 程序包wtf.oraculus.client.feature.module.impl.movement.scaffold不存在
import wtf.oraculus.client.feature.module.impl.movement.scaffold.ScaffoldModule;
                                                                ^
C:\Users\27881\Documents\Opal-v2-build-main\src\client\java\wtf\oraculus\client\feature\module\impl\combat\velocity\impl\JumpResetMode.java:13: 错误: 程序包wtf.oraculus.client.feature.module.impl.player.nofall不存在
import wtf.oraculus.client.feature.module.impl.player.nofall.NoFallModule;
                                                            ^
C:\Users\27881\Documents\Opal-v2-build-main\src\client\java\wtf\oraculus\client\feature\module\impl\combat\velocity\impl\JumpResetMode.java:14: 错误: 程序包wtf.oraculus.client.feature.module.impl.combat.backtrack不存在
import wtf.oraculus.client.feature.module.impl.combat.backtrack.BacktrackModule;
                                                               ^
C:\Users\27881\Documents\Opal-v2-build-main\src\client\java\wtf\oraculus\client\feature\module\impl\combat\velocity\impl\JumpResetMode.java:17: 错误: 找不到符号
import wtf.oraculus.event.impl.client.DisconnectEvent;
                                     ^
  符号:   类 DisconnectEvent
  位置: 程序包 wtf.oraculus.event.impl.client
C:\Users\27881\Documents\Opal-v2-build-main\src\client\java\wtf\oraculus\client\feature\module\impl\combat\velocity\impl\JumpResetMode.java:22: 错误: 找不到符号
import wtf.oraculus.event.impl.game.player.PreMovementPacketEvent;
                                          ^
  符号:   类 PreMovementPacketEvent
  位置: 程序包 wtf.oraculus.event.impl.game.player
C:\Users\27881\Documents\Opal-v2-build-main\src\client\java\wtf\oraculus\client\feature\module\impl\combat\velocity\impl\JumpResetMode.java:48: 错误: 找不到符号
    private Rotation targetRotation = null;
            ^
  符号:   类 Rotation
  位置: 类 JumpResetMode
C:\Users\27881\Documents\Opal-v2-build-main\src\client\java\wtf\oraculus\client\feature\module\impl\combat\velocity\impl\JumpResetMode.java:192: 错误: 找不到符号
    public void onDisconnect(DisconnectEvent event) {
                             ^
  符号:   类 DisconnectEvent
  位置: 类 JumpResetMode
C:\Users\27881\Documents\Opal-v2-build-main\src\client\java\wtf\oraculus\client\feature\module\impl\combat\velocity\impl\MixMode.java:8: 错误: 找不到符号
import wtf.oraculus.client.feature.helper.impl.player.rotation.Rotation;
                                                              ^
  符号:   类 Rotation
  位置: 程序包 wtf.oraculus.client.feature.helper.impl.player.rotation
C:\Users\27881\Documents\Opal-v2-build-main\src\client\java\wtf\oraculus\client\feature\module\impl\combat\velocity\impl\MixMode.java:84: 错误: 找不到符号
    public void onDisconnect(wtf.oraculus.event.impl.client.DisconnectEvent event) {
                                                           ^
  符号:   类 DisconnectEvent
  位置: 程序包 wtf.oraculus.event.impl.client
C:\Users\27881\Documents\Opal-v2-build-main\src\client\java\wtf\oraculus\client\feature\module\impl\combat\velocity\impl\NoXZMode.java:13: 错误: 程序包wtf.oraculus.client.feature.module.impl.movement.timer不存在
import wtf.oraculus.client.feature.module.impl.movement.timer.TimerModule;
                                                             ^
C:\Users\27881\Documents\Opal-v2-build-main\src\client\java\wtf\oraculus\client\feature\module\impl\combat\velocity\impl\NoXZMode.java:15: 错误: 找不到符号
import wtf.oraculus.event.impl.client.DisconnectEvent;
                                     ^
  符号:   类 DisconnectEvent
  位置: 程序包 wtf.oraculus.event.impl.client
C:\Users\27881\Documents\Opal-v2-build-main\src\client\java\wtf\oraculus\client\feature\module\impl\combat\velocity\impl\NoXZMode.java:22: 错误: 程序包wtf.oraculus.utility.helper不存在
import wtf.oraculus.utility.helper.TimerHelper;
                                  ^
C:\Users\27881\Documents\Opal-v2-build-main\src\client\java\wtf\oraculus\client\feature\module\impl\combat\velocity\impl\NoXZMode.java:292: 错误: 找不到符号
    public void onDisconnect(DisconnectEvent event) {
                             ^
  符号:   类 DisconnectEvent
  位置: 类 NoXZMode
警告: 未知的枚举常量 Level.FULL
  原因: 找不到com.google.j2objc.annotations.ReflectionSupport$Level的类文件
C:\Users\27881\Documents\Opal-v2-build-main\src\client\java\wtf\oraculus\client\feature\module\impl\combat\BacktrackModule.java:362: 错误: 找不到符号
        if (velocityModule.shouldStopBacktrack()) {
                          ^
  符号:   方法 shouldStopBacktrack()
  位置: 类型为VelocityModule的变量 velocityModule
C:\Users\27881\Documents\Opal-v2-build-main\src\client\java\wtf\oraculus\client\feature\module\impl\combat\BacktrackModule.java:366: 错误: 找不到符号
        if (velocityModule.isPaused()) {
                          ^
  符号:   方法 isPaused()
  位置: 类型为VelocityModule的变量 velocityModule
C:\Users\27881\Documents\Opal-v2-build-main\src\client\java\wtf\oraculus\client\feature\module\impl\combat\velocity\impl\BufferJumpResetVelocity.java:34: 错误: BufferJumpResetVelocity不是抽象的, 并且未覆盖VelocityMode中的抽象方法getName()
public final class BufferJumpResetVelocity extends VelocityMode {
             ^
C:\Users\27881\Documents\Opal-v2-build-main\src\client\java\wtf\oraculus\client\feature\module\impl\combat\velocity\impl\BufferJumpResetVelocity.java:352: 错误: 方法不会覆盖或实现超类型的方法
    @Override
    ^
C:\Users\27881\Documents\Opal-v2-build-main\src\client\java\wtf\oraculus\client\feature\module\impl\combat\velocity\impl\BufferJumpResetVelocity.java:357: 错误: 方法不会覆盖或实现超类型的方法
    @Override
    ^
C:\Users\27881\Documents\Opal-v2-build-main\src\client\java\wtf\oraculus\client\feature\module\impl\combat\velocity\impl\BufferJumpResetVelocity.java:362: 错误: 方法不会覆盖或实现超类型的方法
    @Override
    ^
C:\Users\27881\Documents\Opal-v2-build-main\src\client\java\wtf\oraculus\client\feature\module\impl\combat\velocity\impl\BufferJumpResetVelocity.java:369: 错误: 找不到符号
        return VelocityModule.Mode.BUFFER_JUMP_RESET;
                                  ^
  符号:   变量 BUFFER_JUMP_RESET
  位置: 类 Mode
C:\Users\27881\Documents\Opal-v2-build-main\src\client\java\wtf\oraculus\client\feature\module\impl\combat\velocity\impl\BufferJumpResetVelocity.java:372: 错误: 方法不会覆盖或实现超类型的方法
    @Override
    ^
C:\Users\27881\Documents\Opal-v2-build-main\src\client\java\wtf\oraculus\client\feature\module\impl\combat\velocity\VelocityModule.java:27: 错误: 找不到符号
    public final BooleanProperty rotate = new BooleanProperty("Rotate", false);
                                              ^
  符号:   类 BooleanProperty
  位置: 类 VelocityModule
C:\Users\27881\Documents\Opal-v2-build-main\src\client\java\wtf\oraculus\client\feature\module\impl\combat\velocity\VelocityModule.java:28: 错误: 找不到符号
    public final BooleanProperty followDirection = new BooleanProperty("Follow Direction", false);
                                                       ^
  符号:   类 BooleanProperty
  位置: 类 VelocityModule
C:\Users\27881\Documents\Opal-v2-build-main\src\client\java\wtf\oraculus\client\feature\module\impl\combat\velocity\VelocityModule.java:30: 错误: 找不到符号
    public final BooleanProperty debugLog = new BooleanProperty("Debug Log", false);
                                                ^
  符号:   类 BooleanProperty
  位置: 类 VelocityModule
C:\Users\27881\Documents\Opal-v2-build-main\src\client\java\wtf\oraculus\client\feature\module\impl\combat\velocity\VelocityModule.java:33: 错误: 找不到符号
    public final BooleanProperty tryAttack = new BooleanProperty("Try Attack", true);
                                                 ^
  符号:   类 BooleanProperty
  位置: 类 VelocityModule
C:\Users\27881\Documents\Opal-v2-build-main\src\client\java\wtf\oraculus\client\feature\module\impl\combat\velocity\VelocityModule.java:34: 错误: 找不到符号
    public final BooleanProperty movementOverride = new BooleanProperty("Movement Override", false);
                                                        ^
  符号:   类 BooleanProperty
  位置: 类 VelocityModule
C:\Users\27881\Documents\Opal-v2-build-main\src\client\java\wtf\oraculus\client\feature\module\impl\combat\velocity\VelocityModule.java:37: 错误: 找不到符号
    public final BooleanProperty autoAttackCount = new BooleanProperty("Auto Attack Count", true);
                                                       ^
  符号:   类 BooleanProperty
  位置: 类 VelocityModule
C:\Users\27881\Documents\Opal-v2-build-main\src\client\java\wtf\oraculus\client\feature\module\impl\combat\velocity\VelocityModule.java:39: 错误: 找不到符号
    public final BooleanProperty instantAttack = new BooleanProperty("Instant Attack", true);
                                                     ^
  符号:   类 BooleanProperty
  位置: 类 VelocityModule
C:\Users\27881\Documents\Opal-v2-build-main\src\client\java\wtf\oraculus\client\feature\module\impl\combat\velocity\VelocityModule.java:40: 错误: 找不到符号
    public final BooleanProperty sprintStateCheck = new BooleanProperty("Sprint State Check", true);
                                                        ^
  符号:   类 BooleanProperty
  位置: 类 VelocityModule
C:\Users\27881\Documents\Opal-v2-build-main\src\client\java\wtf\oraculus\client\feature\module\impl\combat\velocity\impl\CubeCraftVelocity.java:20: 错误: CubeCraftVelocity不是抽象的, 并且未覆盖VelocityMode中的抽象方法getName()
public final class CubeCraftVelocity extends VelocityMode {
             ^
C:\Users\27881\Documents\Opal-v2-build-main\src\client\java\wtf\oraculus\client\feature\module\impl\combat\velocity\impl\CubeCraftVelocity.java:112: 错误: 找不到符号
        return VelocityModule.Mode.CUBECRAFT;
                                  ^
  符号:   变量 CUBECRAFT
  位置: 类 Mode
C:\Users\27881\Documents\Opal-v2-build-main\src\client\java\wtf\oraculus\client\feature\module\impl\combat\velocity\impl\Heypixel3Velocity.java:20: 错误: Heypixel3Velocity不是抽象的, 并且未覆盖VelocityMode中的抽象方法getName()
public final class Heypixel3Velocity extends VelocityMode {
             ^
C:\Users\27881\Documents\Opal-v2-build-main\src\client\java\wtf\oraculus\client\feature\module\impl\combat\velocity\impl\Heypixel3Velocity.java:231: 错误: 找不到符号
        return VelocityModule.Mode.BUFFER;
                                  ^
  符号:   变量 BUFFER
  位置: 类 Mode
C:\Users\27881\Documents\Opal-v2-build-main\src\client\java\wtf\oraculus\client\feature\module\impl\combat\velocity\impl\Heypixel3Velocity.java:234: 错误: 方法不会覆盖或实现超类型的方法
    @Override
    ^
C:\Users\27881\Documents\Opal-v2-build-main\src\client\java\wtf\oraculus\client\feature\module\impl\combat\velocity\impl\Heypixel3Velocity.java:242: 错误: 方法不会覆盖或实现超类型的方法
    @Override
    ^
C:\Users\27881\Documents\Opal-v2-build-main\src\client\java\wtf\oraculus\client\feature\module\impl\combat\velocity\impl\Heypixel3Velocity.java:247: 错误: 方法不会覆盖或实现超类型的方法
    @Override
    ^
C:\Users\27881\Documents\Opal-v2-build-main\src\client\java\wtf\oraculus\client\feature\module\impl\combat\velocity\impl\Heypixel3Velocity.java:252: 错误: 方法不会覆盖或实现超类型的方法
    @Override
    ^
C:\Users\27881\Documents\Opal-v2-build-main\src\client\java\wtf\oraculus\client\feature\module\impl\combat\velocity\impl\HypixelReduceVelocity.java:28: 错误: HypixelReduceVelocity不是抽象的, 并且未覆盖VelocityMode中的抽象方法getName()
public final class HypixelReduceVelocity extends VelocityMode {
             ^
C:\Users\27881\Documents\Opal-v2-build-main\src\client\java\wtf\oraculus\client\feature\module\impl\combat\velocity\impl\HypixelReduceVelocity.java:207: 错误: 找不到符号
        return VelocityModule.Mode.HYPIXEL_REDUCE;
                                  ^
  符号:   变量 HYPIXEL_REDUCE
  位置: 类 Mode
C:\Users\27881\Documents\Opal-v2-build-main\src\client\java\wtf\oraculus\client\feature\module\impl\combat\velocity\impl\IntaveVelocity.java:21: 错误: IntaveVelocity不是抽象的, 并且未覆盖VelocityMode中的抽象方法getName()
public final class IntaveVelocity extends VelocityMode {
             ^
C:\Users\27881\Documents\Opal-v2-build-main\src\client\java\wtf\oraculus\client\feature\module\impl\combat\velocity\impl\IntaveVelocity.java:149: 错误: 找不到符号
        return VelocityModule.Mode.INTAVE;
                                  ^
  符号:   变量 INTAVE
  位置: 类 Mode
C:\Users\27881\Documents\Opal-v2-build-main\src\client\java\wtf\oraculus\client\feature\module\impl\combat\velocity\impl\JumpResetMode.java:84: 错误: 找不到符号
        NoFallModule noFall = OraculusClient.getInstance().getModuleRepository().getModule(NoFallModule.class);
        ^
  符号:   类 NoFallModule
  位置: 类 JumpResetMode
C:\Users\27881\Documents\Opal-v2-build-main\src\client\java\wtf\oraculus\client\feature\module\impl\combat\velocity\impl\JumpResetMode.java:84: 错误: 找不到符号
        NoFallModule noFall = OraculusClient.getInstance().getModuleRepository().getModule(NoFallModule.class);
                                                                                           ^
  符号:   类 NoFallModule
  位置: 类 JumpResetMode
C:\Users\27881\Documents\Opal-v2-build-main\src\client\java\wtf\oraculus\client\feature\module\impl\combat\velocity\impl\JumpResetMode.java:89: 错误: 找不到符号
        BacktrackModule backtrack = OraculusClient.getInstance().getModuleRepository().getModule(BacktrackModule.class);
        ^
  符号:   类 BacktrackModule
  位置: 类 JumpResetMode
C:\Users\27881\Documents\Opal-v2-build-main\src\client\java\wtf\oraculus\client\feature\module\impl\combat\velocity\impl\JumpResetMode.java:89: 错误: 找不到符号
        BacktrackModule backtrack = OraculusClient.getInstance().getModuleRepository().getModule(BacktrackModule.class);
                                                                                                 ^
  符号:   类 BacktrackModule
  位置: 类 JumpResetMode
C:\Users\27881\Documents\Opal-v2-build-main\src\client\java\wtf\oraculus\client\feature\module\impl\combat\velocity\impl\JumpResetMode.java:126: 错误: mode 在 VelocityModule 中是 private 访问控制
        if ((module.mode.is("Jump Reset") || module.mode.is("Mix"))
                   ^
C:\Users\27881\Documents\Opal-v2-build-main\src\client\java\wtf\oraculus\client\feature\module\impl\combat\velocity\impl\JumpResetMode.java:126: 错误: 不兼容的类型: String无法转换为Mode
        if ((module.mode.is("Jump Reset") || module.mode.is("Mix"))
                            ^
C:\Users\27881\Documents\Opal-v2-build-main\src\client\java\wtf\oraculus\client\feature\module\impl\combat\velocity\impl\JumpResetMode.java:126: 错误: mode 在 VelocityModule 中是 private 访问控制
        if ((module.mode.is("Jump Reset") || module.mode.is("Mix"))
                                                   ^
C:\Users\27881\Documents\Opal-v2-build-main\src\client\java\wtf\oraculus\client\feature\module\impl\combat\velocity\impl\JumpResetMode.java:126: 错误: 不兼容的类型: String无法转换为Mode
        if ((module.mode.is("Jump Reset") || module.mode.is("Mix"))
                                                            ^
C:\Users\27881\Documents\Opal-v2-build-main\src\client\java\wtf\oraculus\client\feature\module\impl\combat\velocity\impl\JumpResetMode.java:136: 错误: mode 在 VelocityModule 中是 private 访问控制
        if (mc.player == null || !module.mode.is("Jump Reset")) return;
                                        ^
C:\Users\27881\Documents\Opal-v2-build-main\src\client\java\wtf\oraculus\client\feature\module\impl\combat\velocity\impl\JumpResetMode.java:136: 错误: 不兼容的类型: String无法转换为Mode
        if (mc.player == null || !module.mode.is("Jump Reset")) return;
                                                 ^
C:\Users\27881\Documents\Opal-v2-build-main\src\client\java\wtf\oraculus\client\feature\module\impl\combat\velocity\impl\JumpResetMode.java:148: 错误: 无法将类 EventCancellable中的方法 setCancelled应用到给定类型;
            event.setCancelled(true);
                 ^
  需要: 没有参数
  找到:    boolean
  原因: 实际参数列表和形式参数列表长度不同
C:\Users\27881\Documents\Opal-v2-build-main\src\client\java\wtf\oraculus\client\feature\module\impl\combat\velocity\impl\JumpResetMode.java:156: 错误: 找不到符号
        Rotation kbRotation = null;
        ^
  符号:   类 Rotation
  位置: 类 JumpResetMode
C:\Users\27881\Documents\Opal-v2-build-main\src\client\java\wtf\oraculus\client\feature\module\impl\combat\velocity\impl\JumpResetMode.java:158: 错误: 找不到符号
            double xMotion = motion.getVelocityX() / 8000.0;
                                   ^
  符号:   方法 getVelocityX()
  位置: 类型为EntityVelocityUpdateS2CPacket的变量 motion
C:\Users\27881\Documents\Opal-v2-build-main\src\client\java\wtf\oraculus\client\feature\module\impl\combat\velocity\impl\JumpResetMode.java:159: 错误: 找不到符号
            double zMotion = motion.getVelocityZ() / 8000.0;
                                   ^
  符号:   方法 getVelocityZ()
  位置: 类型为EntityVelocityUpdateS2CPacket的变量 motion
C:\Users\27881\Documents\Opal-v2-build-main\src\client\java\wtf\oraculus\client\feature\module\impl\combat\velocity\impl\JumpResetMode.java:161: 错误: 找不到符号
            kbRotation = new Rotation(yaw, mc.player.getPitch());
                             ^
  符号:   类 Rotation
  位置: 类 JumpResetMode
C:\Users\27881\Documents\Opal-v2-build-main\src\client\java\wtf\oraculus\client\feature\module\impl\combat\velocity\impl\JumpResetMode.java:168: 错误: 找不到符号
                    RotationHelper.getInstance().setRotation(kbRotation, 180, 10, true);
                                  ^
  符号:   方法 getInstance()
  位置: 类 RotationHelper
C:\Users\27881\Documents\Opal-v2-build-main\src\client\java\wtf\oraculus\client\feature\module\impl\combat\velocity\impl\JumpResetMode.java:178: 错误: 无法将类 EventCancellable中的方法 setCancelled应用到给定类型;
            event.setCancelled(true);
                 ^
  需要: 没有参数
  找到:    boolean
  原因: 实际参数列表和形式参数列表长度不同
C:\Users\27881\Documents\Opal-v2-build-main\src\client\java\wtf\oraculus\client\feature\module\impl\combat\velocity\impl\JumpResetMode.java:187: 错误: 无法将类 EventCancellable中的方法 setCancelled应用到给定类型;
            event.setCancelled(true);
                 ^
  需要: 没有参数
  找到:    boolean
  原因: 实际参数列表和形式参数列表长度不同
C:\Users\27881\Documents\Opal-v2-build-main\src\client\java\wtf\oraculus\client\feature\module\impl\combat\velocity\impl\JumpResetMode.java:202: 错误: mode 在 VelocityModule 中是 private 访问控制
        if (!module.mode.is("Jump Reset") && !module.mode.is("Mix")) return;
                   ^
C:\Users\27881\Documents\Opal-v2-build-main\src\client\java\wtf\oraculus\client\feature\module\impl\combat\velocity\impl\JumpResetMode.java:202: 错误: 不兼容的类型: String无法转换为Mode
        if (!module.mode.is("Jump Reset") && !module.mode.is("Mix")) return;
                            ^
C:\Users\27881\Documents\Opal-v2-build-main\src\client\java\wtf\oraculus\client\feature\module\impl\combat\velocity\impl\JumpResetMode.java:202: 错误: mode 在 VelocityModule 中是 private 访问控制
        if (!module.mode.is("Jump Reset") && !module.mode.is("Mix")) return;
                                                    ^
C:\Users\27881\Documents\Opal-v2-build-main\src\client\java\wtf\oraculus\client\feature\module\impl\combat\velocity\impl\JumpResetMode.java:202: 错误: 不兼容的类型: String无法转换为Mode
        if (!module.mode.is("Jump Reset") && !module.mode.is("Mix")) return;
                                                             ^
C:\Users\27881\Documents\Opal-v2-build-main\src\client\java\wtf\oraculus\client\feature\module\impl\combat\velocity\impl\JumpResetMode.java:211: 错误: 找不到符号
            ScaffoldModule scaffold = OraculusClient.getInstance().getModuleRepository().getModule(ScaffoldModule.class);
            ^
  符号:   类 ScaffoldModule
  位置: 类 JumpResetMode
C:\Users\27881\Documents\Opal-v2-build-main\src\client\java\wtf\oraculus\client\feature\module\impl\combat\velocity\impl\JumpResetMode.java:211: 错误: 找不到符号
            ScaffoldModule scaffold = OraculusClient.getInstance().getModuleRepository().getModule(ScaffoldModule.class);
                                                                                                   ^
  符号:   类 ScaffoldModule
  位置: 类 JumpResetMode
C:\Users\27881\Documents\Opal-v2-build-main\src\client\java\wtf\oraculus\client\feature\module\impl\combat\velocity\impl\JumpResetMode.java:220: 错误: 找不到符号
            ScaffoldModule scaffold = OraculusClient.getInstance().getModuleRepository().getModule(ScaffoldModule.class);
            ^
  符号:   类 ScaffoldModule
  位置: 类 JumpResetMode
C:\Users\27881\Documents\Opal-v2-build-main\src\client\java\wtf\oraculus\client\feature\module\impl\combat\velocity\impl\JumpResetMode.java:220: 错误: 找不到符号
            ScaffoldModule scaffold = OraculusClient.getInstance().getModuleRepository().getModule(ScaffoldModule.class);
                                                                                                   ^
  符号:   类 ScaffoldModule
  位置: 类 JumpResetMode
C:\Users\27881\Documents\Opal-v2-build-main\src\client\java\wtf\oraculus\client\feature\module\impl\combat\velocity\impl\JumpResetMode.java:227: 错误: 找不到符号
        ScaffoldModule scaffold = OraculusClient.getInstance().getModuleRepository().getModule(ScaffoldModule.class);
        ^
  符号:   类 ScaffoldModule
  位置: 类 JumpResetMode
C:\Users\27881\Documents\Opal-v2-build-main\src\client\java\wtf\oraculus\client\feature\module\impl\combat\velocity\impl\JumpResetMode.java:227: 错误: 找不到符号
        ScaffoldModule scaffold = OraculusClient.getInstance().getModuleRepository().getModule(ScaffoldModule.class);
                                                                                               ^
  符号:   类 ScaffoldModule
  位置: 类 JumpResetMode
C:\Users\27881\Documents\Opal-v2-build-main\src\client\java\wtf\oraculus\client\feature\module\impl\combat\velocity\impl\JumpResetMode.java:237: 错误: mode 在 VelocityModule 中是 private 访问控制
        if (!module.mode.is("Jump Reset") && !module.mode.is("Mix")) return;
                   ^
C:\Users\27881\Documents\Opal-v2-build-main\src\client\java\wtf\oraculus\client\feature\module\impl\combat\velocity\impl\JumpResetMode.java:237: 错误: 不兼容的类型: String无法转换为Mode
        if (!module.mode.is("Jump Reset") && !module.mode.is("Mix")) return;
                            ^
C:\Users\27881\Documents\Opal-v2-build-main\src\client\java\wtf\oraculus\client\feature\module\impl\combat\velocity\impl\JumpResetMode.java:237: 错误: mode 在 VelocityModule 中是 private 访问控制
        if (!module.mode.is("Jump Reset") && !module.mode.is("Mix")) return;
                                                    ^
C:\Users\27881\Documents\Opal-v2-build-main\src\client\java\wtf\oraculus\client\feature\module\impl\combat\velocity\impl\JumpResetMode.java:237: 错误: 不兼容的类型: String无法转换为Mode
        if (!module.mode.is("Jump Reset") && !module.mode.is("Mix")) return;
                                                             ^
C:\Users\27881\Documents\Opal-v2-build-main\src\client\java\wtf\oraculus\client\feature\module\impl\combat\velocity\impl\JumpResetMode.java:265: 错误: 找不到符号
                            RotationHelper.getInstance().setRotation(this.targetRotation, 180, 10, true);
                                          ^
  符号:   方法 getInstance()
  位置: 类 RotationHelper
C:\Users\27881\Documents\Opal-v2-build-main\src\client\java\wtf\oraculus\client\feature\module\impl\combat\velocity\impl\JumpResetVelocity.java:21: 错误: JumpResetVelocity不是抽象的, 并且未覆盖VelocityMode中的抽象方法getName()
public final class JumpResetVelocity extends VelocityMode {
             ^
C:\Users\27881\Documents\Opal-v2-build-main\src\client\java\wtf\oraculus\client\feature\module\impl\combat\velocity\impl\JumpResetVelocity.java:154: 错误: 方法不会覆盖或实现超类型的方法
    @Override
    ^
C:\Users\27881\Documents\Opal-v2-build-main\src\client\java\wtf\oraculus\client\feature\module\impl\combat\velocity\impl\JumpResetVelocity.java:159: 错误: 方法不会覆盖或实现超类型的方法
    @Override
    ^
C:\Users\27881\Documents\Opal-v2-build-main\src\client\java\wtf\oraculus\client\feature\module\impl\combat\velocity\impl\JumpResetVelocity.java:164: 错误: 方法不会覆盖或实现超类型的方法
    @Override
    ^
C:\Users\27881\Documents\Opal-v2-build-main\src\client\java\wtf\oraculus\client\feature\module\impl\combat\velocity\impl\JumpResetVelocity.java:174: 错误: 方法不会覆盖或实现超类型的方法
    @Override
    ^
C:\Users\27881\Documents\Opal-v2-build-main\src\client\java\wtf\oraculus\client\feature\module\impl\combat\velocity\impl\MixMode.java:56: 错误: mode 在 VelocityModule 中是 private 访问控制
        if (!module.mode.is("Mix")) return;
                   ^
C:\Users\27881\Documents\Opal-v2-build-main\src\client\java\wtf\oraculus\client\feature\module\impl\combat\velocity\impl\MixMode.java:56: 错误: 不兼容的类型: String无法转换为Mode
        if (!module.mode.is("Mix")) return;
                            ^
注: C:\Users\27881\Documents\Opal-v2-build-main\src\client\java\wtf\oraculus\client\feature\module\impl\utility\ServerPackSpoofModule.java使用或覆盖了已过时的 API。
注: 有关详细信息, 请使用 -Xlint:deprecation 重新编译。
注: 某些输入文件使用了未经检查或不安全的操作。
注: 有关详细信息, 请使用 -Xlint:unchecked 重新编译。
注: 某些消息已经过简化; 请使用 -Xdiags:verbose 重新编译以获得完整输出
100 个错误
1 个警告

> Task :compileClientJava FAILED

[Incubating] Problems report is available at: file:///C:/Users/27881/Documents/Opal-v2-build-main/build/beta/reports/problems/problems-report.html

FAILURE: Build failed with an exception.

* What went wrong:
Execution failed for task ':compileClientJava'.
> Compilation failed; see the compiler output below.
  C:\Users\27881\Documents\Opal-v2-build-main\src\client\java\wtf\oraculus\client\feature\module\impl\combat\velocity\impl\JumpResetMode.java:148: 错误: 无法将类 EventCancellable中的方法 setCancelled应用到给定类型;
              event.setCancelled(true);
                   ^
    需要: 没有参数
    找到:    boolean
    原因: 实际参数列表和形式参数列表长度不同
  C:\Users\27881\Documents\Opal-v2-build-main\src\client\java\wtf\oraculus\client\feature\module\impl\combat\velocity\impl\JumpResetMode.java:178: 错误: 无法将类 EventCancellable中的方法 setCancelled应用到给定类型;
              event.setCancelled(true);
                   ^
    需要: 没有参数
    找到:    boolean
    原因: 实际参数列表和形式参数列表长度不同
  C:\Users\27881\Documents\Opal-v2-build-main\src\client\java\wtf\oraculus\client\feature\module\impl\combat\velocity\impl\JumpResetMode.java:187: 错误: 无法将类 EventCancellable中的方法 setCancelled应用到给定类型;
              event.setCancelled(true);
                   ^
    需要: 没有参数
    找到:    boolean
    原因: 实际参数列表和形式参数列表长度不同
  注: 有关详细信息, 请使用 -Xlint:deprecation 重新编译。
  C:\Users\27881\Documents\Opal-v2-build-main\src\client\java\wtf\oraculus\client\feature\module\impl\combat\velocity\VelocityMode.java:4: 错误: 找不到符号
  import wtf.oraculus.event.impl.client.DisconnectEvent;
                                       ^
    符号:   类 DisconnectEvent
    位置: 程序包 wtf.oraculus.event.impl.client
  C:\Users\27881\Documents\Opal-v2-build-main\src\client\java\wtf\oraculus\client\feature\module\impl\combat\velocity\VelocityMode.java:9: 错误: 找不到符号
  import wtf.oraculus.event.impl.game.player.PreMovementPacketEvent;
                                            ^
    符号:   类 PreMovementPacketEvent
    位置: 程序包 wtf.oraculus.event.impl.game.player
  C:\Users\27881\Documents\Opal-v2-build-main\src\client\java\wtf\oraculus\client\feature\module\impl\combat\velocity\VelocityMode.java:12: 错误: 找不到符号
  import wtf.oraculus.client.feature.helper.impl.player.rotation.RotationEvent;
                                                                ^
    符号:   类 RotationEvent
    位置: 程序包 wtf.oraculus.client.feature.helper.impl.player.rotation
  C:\Users\27881\Documents\Opal-v2-build-main\src\client\java\wtf\oraculus\client\feature\module\impl\combat\velocity\VelocityModule.java:11: 错误: 找不到符号
  import wtf.oraculus.client.feature.module.property.impl.BooleanProperty;
                                                         ^
    符号:   类 BooleanProperty
    位置: 程序包 wtf.oraculus.client.feature.module.property.impl
  C:\Users\27881\Documents\Opal-v2-build-main\src\client\java\wtf\oraculus\client\feature\module\impl\combat\velocity\VelocityModule.java:15: 错误: 找不到符号
  import wtf.oraculus.client.feature.helper.impl.player.rotation.Rotation;
                                                                ^
    符号:   类 Rotation
    位置: 程序包 wtf.oraculus.client.feature.helper.impl.player.rotation
  C:\Users\27881\Documents\Opal-v2-build-main\src\client\java\wtf\oraculus\client\feature\module\impl\combat\velocity\VelocityMode.java:34: 错误: 找不到符号
      public void onRotation(RotationEvent event) {
                             ^
    符号:   类 RotationEvent
    位置: 类 VelocityMode
  C:\Users\27881\Documents\Opal-v2-build-main\src\client\java\wtf\oraculus\client\feature\module\impl\combat\velocity\VelocityMode.java:37: 错误: 找不到符号
      public void onMotion(PreMovementPacketEvent event) {
                           ^
    符号:   类 PreMovementPacketEvent
    位置: 类 VelocityMode
  C:\Users\27881\Documents\Opal-v2-build-main\src\client\java\wtf\oraculus\client\feature\module\impl\combat\velocity\VelocityMode.java:43: 错误: 找不到符号
      public void onDisconnect(DisconnectEvent event) {
                               ^
    符号:   类 DisconnectEvent
    位置: 类 VelocityMode
  C:\Users\27881\Documents\Opal-v2-build-main\src\client\java\wtf\oraculus\client\feature\module\impl\combat\velocity\VelocityMode.java:46: 错误: 找不到符号
      public void onPreMotion(PreMovementPacketEvent event) {
                              ^
    符号:   类 PreMovementPacketEvent
    位置: 类 VelocityMode
  C:\Users\27881\Documents\Opal-v2-build-main\src\client\java\wtf\oraculus\client\feature\module\impl\combat\velocity\VelocityModule.java:27: 错误: 找不到符号
      public final BooleanProperty rotate = new BooleanProperty("Rotate", false);
                   ^
    符号:   类 BooleanProperty
    位置: 类 VelocityModule
  C:\Users\27881\Documents\Opal-v2-build-main\src\client\java\wtf\oraculus\client\feature\module\impl\combat\velocity\VelocityModule.java:28: 错误: 找不到符号
      public final BooleanProperty followDirection = new BooleanProperty("Follow Direction", false);
                   ^
    符号:   类 BooleanProperty
    位置: 类 VelocityModule
  C:\Users\27881\Documents\Opal-v2-build-main\src\client\java\wtf\oraculus\client\feature\module\impl\combat\velocity\VelocityModule.java:30: 错误: 找不到符号
      public final BooleanProperty debugLog = new BooleanProperty("Debug Log", false);
                   ^
    符号:   类 BooleanProperty
    位置: 类 VelocityModule
  C:\Users\27881\Documents\Opal-v2-build-main\src\client\java\wtf\oraculus\client\feature\module\impl\combat\velocity\VelocityModule.java:33: 错误: 找不到符号
      public final BooleanProperty tryAttack = new BooleanProperty("Try Attack", true);
                   ^
    符号:   类 BooleanProperty
    位置: 类 VelocityModule
  C:\Users\27881\Documents\Opal-v2-build-main\src\client\java\wtf\oraculus\client\feature\module\impl\combat\velocity\VelocityModule.java:34: 错误: 找不到符号
      public final BooleanProperty movementOverride = new BooleanProperty("Movement Override", false);
                   ^
    符号:   类 BooleanProperty
    位置: 类 VelocityModule
  C:\Users\27881\Documents\Opal-v2-build-main\src\client\java\wtf\oraculus\client\feature\module\impl\combat\velocity\VelocityModule.java:37: 错误: 找不到符号
      public final BooleanProperty autoAttackCount = new BooleanProperty("Auto Attack Count", true);
                   ^
    符号:   类 BooleanProperty
    位置: 类 VelocityModule
  C:\Users\27881\Documents\Opal-v2-build-main\src\client\java\wtf\oraculus\client\feature\module\impl\combat\velocity\VelocityModule.java:39: 错误: 找不到符号
      public final BooleanProperty instantAttack = new BooleanProperty("Instant Attack", true);
                   ^
    符号:   类 BooleanProperty
    位置: 类 VelocityModule
  C:\Users\27881\Documents\Opal-v2-build-main\src\client\java\wtf\oraculus\client\feature\module\impl\combat\velocity\VelocityModule.java:40: 错误: 找不到符号
      public final BooleanProperty sprintStateCheck = new BooleanProperty("Sprint State Check", true);
                   ^
    符号:   类 BooleanProperty
    位置: 类 VelocityModule
  C:\Users\27881\Documents\Opal-v2-build-main\src\client\java\wtf\oraculus\client\feature\module\impl\combat\velocity\VelocityModule.java:43: 错误: 找不到符号
      public static Rotation rotation = null;
                    ^
    符号:   类 Rotation
    位置: 类 VelocityModule
  C:\Users\27881\Documents\Opal-v2-build-main\src\client\java\wtf\oraculus\client\feature\module\impl\combat\velocity\impl\JumpResetMode.java:8: 错误: 找不到符号
  import wtf.oraculus.client.feature.helper.impl.player.rotation.Rotation;
                                                                ^
    符号:   类 Rotation
    位置: 程序包 wtf.oraculus.client.feature.helper.impl.player.rotation
  C:\Users\27881\Documents\Opal-v2-build-main\src\client\java\wtf\oraculus\client\feature\module\impl\combat\velocity\impl\JumpResetMode.java:17: 错误: 找不到符号
  import wtf.oraculus.event.impl.client.DisconnectEvent;
                                       ^
    符号:   类 DisconnectEvent
    位置: 程序包 wtf.oraculus.event.impl.client
  C:\Users\27881\Documents\Opal-v2-build-main\src\client\java\wtf\oraculus\client\feature\module\impl\combat\velocity\impl\JumpResetMode.java:22: 错误: 找不到符号
  import wtf.oraculus.event.impl.game.player.PreMovementPacketEvent;
                                            ^
    符号:   类 PreMovementPacketEvent
    位置: 程序包 wtf.oraculus.event.impl.game.player
  C:\Users\27881\Documents\Opal-v2-build-main\src\client\java\wtf\oraculus\client\feature\module\impl\combat\velocity\impl\JumpResetMode.java:48: 错误: 找不到符号
      private Rotation targetRotation = null;
              ^
    符号:   类 Rotation
    位置: 类 JumpResetMode
  C:\Users\27881\Documents\Opal-v2-build-main\src\client\java\wtf\oraculus\client\feature\module\impl\combat\velocity\impl\JumpResetMode.java:192: 错误: 找不到符号
      public void onDisconnect(DisconnectEvent event) {
                               ^
    符号:   类 DisconnectEvent
    位置: 类 JumpResetMode
  C:\Users\27881\Documents\Opal-v2-build-main\src\client\java\wtf\oraculus\client\feature\module\impl\combat\velocity\impl\MixMode.java:8: 错误: 找不到符号
  import wtf.oraculus.client.feature.helper.impl.player.rotation.Rotation;
                                                                ^
    符号:   类 Rotation
    位置: 程序包 wtf.oraculus.client.feature.helper.impl.player.rotation
  C:\Users\27881\Documents\Opal-v2-build-main\src\client\java\wtf\oraculus\client\feature\module\impl\combat\velocity\impl\MixMode.java:84: 错误: 找不到符号
      public void onDisconnect(wtf.oraculus.event.impl.client.DisconnectEvent event) {
                                                             ^
    符号:   类 DisconnectEvent
    位置: 程序包 wtf.oraculus.event.impl.client
  C:\Users\27881\Documents\Opal-v2-build-main\src\client\java\wtf\oraculus\client\feature\module\impl\combat\velocity\impl\NoXZMode.java:15: 错误: 找不到符号
  import wtf.oraculus.event.impl.client.DisconnectEvent;
                                       ^
    符号:   类 DisconnectEvent
    位置: 程序包 wtf.oraculus.event.impl.client
  C:\Users\27881\Documents\Opal-v2-build-main\src\client\java\wtf\oraculus\client\feature\module\impl\combat\velocity\impl\NoXZMode.java:292: 错误: 找不到符号
      public void onDisconnect(DisconnectEvent event) {
                               ^
    符号:   类 DisconnectEvent
    位置: 类 NoXZMode
  C:\Users\27881\Documents\Opal-v2-build-main\src\client\java\wtf\oraculus\client\feature\module\impl\combat\velocity\impl\BufferJumpResetVelocity.java:369: 错误: 找不到符号
          return VelocityModule.Mode.BUFFER_JUMP_RESET;
                                    ^
    符号:   变量 BUFFER_JUMP_RESET
    位置: 类 Mode
  C:\Users\27881\Documents\Opal-v2-build-main\src\client\java\wtf\oraculus\client\feature\module\impl\combat\velocity\VelocityModule.java:27: 错误: 找不到符号
      public final BooleanProperty rotate = new BooleanProperty("Rotate", false);
                                                ^
    符号:   类 BooleanProperty
    位置: 类 VelocityModule
  C:\Users\27881\Documents\Opal-v2-build-main\src\client\java\wtf\oraculus\client\feature\module\impl\combat\velocity\VelocityModule.java:28: 错误: 找不到符号
      public final BooleanProperty followDirection = new BooleanProperty("Follow Direction", false);
                                                         ^
    符号:   类 BooleanProperty
    位置: 类 VelocityModule
  C:\Users\27881\Documents\Opal-v2-build-main\src\client\java\wtf\oraculus\client\feature\module\impl\combat\velocity\VelocityModule.java:30: 错误: 找不到符号
      public final BooleanProperty debugLog = new BooleanProperty("Debug Log", false);
                                                  ^
    符号:   类 BooleanProperty
    位置: 类 VelocityModule
  C:\Users\27881\Documents\Opal-v2-build-main\src\client\java\wtf\oraculus\client\feature\module\impl\combat\velocity\VelocityModule.java:33: 错误: 找不到符号
      public final BooleanProperty tryAttack = new BooleanProperty("Try Attack", true);
                                                   ^
    符号:   类 BooleanProperty
    位置: 类 VelocityModule
  C:\Users\27881\Documents\Opal-v2-build-main\src\client\java\wtf\oraculus\client\feature\module\impl\combat\velocity\VelocityModule.java:34: 错误: 找不到符号
      public final BooleanProperty movementOverride = new BooleanProperty("Movement Override", false);
                                                          ^
    符号:   类 BooleanProperty
    位置: 类 VelocityModule
  C:\Users\27881\Documents\Opal-v2-build-main\src\client\java\wtf\oraculus\client\feature\module\impl\combat\velocity\VelocityModule.java:37: 错误: 找不到符号
      public final BooleanProperty autoAttackCount = new BooleanProperty("Auto Attack Count", true);
                                                         ^
    符号:   类 BooleanProperty
    位置: 类 VelocityModule
  C:\Users\27881\Documents\Opal-v2-build-main\src\client\java\wtf\oraculus\client\feature\module\impl\combat\velocity\VelocityModule.java:39: 错误: 找不到符号
      public final BooleanProperty instantAttack = new BooleanProperty("Instant Attack", true);
                                                       ^
    符号:   类 BooleanProperty
    位置: 类 VelocityModule
  C:\Users\27881\Documents\Opal-v2-build-main\src\client\java\wtf\oraculus\client\feature\module\impl\combat\velocity\VelocityModule.java:40: 错误: 找不到符号
      public final BooleanProperty sprintStateCheck = new BooleanProperty("Sprint State Check", true);
                                                          ^
    符号:   类 BooleanProperty
    位置: 类 VelocityModule
  C:\Users\27881\Documents\Opal-v2-build-main\src\client\java\wtf\oraculus\client\feature\module\impl\combat\velocity\impl\CubeCraftVelocity.java:112: 错误: 找不到符号
          return VelocityModule.Mode.CUBECRAFT;
                                    ^
    符号:   变量 CUBECRAFT
    位置: 类 Mode
  C:\Users\27881\Documents\Opal-v2-build-main\src\client\java\wtf\oraculus\client\feature\module\impl\combat\velocity\impl\Heypixel3Velocity.java:231: 错误: 找不到符号
          return VelocityModule.Mode.BUFFER;
                                    ^
    符号:   变量 BUFFER
    位置: 类 Mode
  C:\Users\27881\Documents\Opal-v2-build-main\src\client\java\wtf\oraculus\client\feature\module\impl\combat\velocity\impl\HypixelReduceVelocity.java:207: 错误: 找不到符号
          return VelocityModule.Mode.HYPIXEL_REDUCE;
                                    ^
    符号:   变量 HYPIXEL_REDUCE
    位置: 类 Mode
  C:\Users\27881\Documents\Opal-v2-build-main\src\client\java\wtf\oraculus\client\feature\module\impl\combat\velocity\impl\IntaveVelocity.java:149: 错误: 找不到符号
          return VelocityModule.Mode.INTAVE;
                                    ^
    符号:   变量 INTAVE
    位置: 类 Mode
  C:\Users\27881\Documents\Opal-v2-build-main\src\client\java\wtf\oraculus\client\feature\module\impl\combat\velocity\impl\JumpResetMode.java:84: 错误: 找不到符号
          NoFallModule noFall = OraculusClient.getInstance().getModuleRepository().getModule(NoFallModule.class);
          ^
    符号:   类 NoFallModule
    位置: 类 JumpResetMode
  C:\Users\27881\Documents\Opal-v2-build-main\src\client\java\wtf\oraculus\client\feature\module\impl\combat\velocity\impl\JumpResetMode.java:84: 错误: 找不到符号
          NoFallModule noFall = OraculusClient.getInstance().getModuleRepository().getModule(NoFallModule.class);
                                                                                             ^
    符号:   类 NoFallModule
    位置: 类 JumpResetMode
  C:\Users\27881\Documents\Opal-v2-build-main\src\client\java\wtf\oraculus\client\feature\module\impl\combat\velocity\impl\JumpResetMode.java:89: 错误: 找不到符号
          BacktrackModule backtrack = OraculusClient.getInstance().getModuleRepository().getModule(BacktrackModule.class);
          ^
    符号:   类 BacktrackModule
    位置: 类 JumpResetMode
  C:\Users\27881\Documents\Opal-v2-build-main\src\client\java\wtf\oraculus\client\feature\module\impl\combat\velocity\impl\JumpResetMode.java:89: 错误: 找不到符号
          BacktrackModule backtrack = OraculusClient.getInstance().getModuleRepository().getModule(BacktrackModule.class);
                                                                                                   ^
    符号:   类 BacktrackModule
    位置: 类 JumpResetMode
  C:\Users\27881\Documents\Opal-v2-build-main\src\client\java\wtf\oraculus\client\feature\module\impl\combat\velocity\impl\JumpResetMode.java:156: 错误: 找不到符号
          Rotation kbRotation = null;
          ^
    符号:   类 Rotation
    位置: 类 JumpResetMode
  C:\Users\27881\Documents\Opal-v2-build-main\src\client\java\wtf\oraculus\client\feature\module\impl\combat\velocity\impl\JumpResetMode.java:161: 错误: 找不到符号
              kbRotation = new Rotation(yaw, mc.player.getPitch());
                               ^
    符号:   类 Rotation
    位置: 类 JumpResetMode
  C:\Users\27881\Documents\Opal-v2-build-main\src\client\java\wtf\oraculus\client\feature\module\impl\combat\velocity\impl\JumpResetMode.java:211: 错误: 找不到符号
              ScaffoldModule scaffold = OraculusClient.getInstance().getModuleRepository().getModule(ScaffoldModule.class);
              ^
    符号:   类 ScaffoldModule
    位置: 类 JumpResetMode
  C:\Users\27881\Documents\Opal-v2-build-main\src\client\java\wtf\oraculus\client\feature\module\impl\combat\velocity\impl\JumpResetMode.java:211: 错误: 找不到符号
              ScaffoldModule scaffold = OraculusClient.getInstance().getModuleRepository().getModule(ScaffoldModule.class);
                                                                                                     ^
    符号:   类 ScaffoldModule
    位置: 类 JumpResetMode
  C:\Users\27881\Documents\Opal-v2-build-main\src\client\java\wtf\oraculus\client\feature\module\impl\combat\velocity\impl\JumpResetMode.java:220: 错误: 找不到符号
              ScaffoldModule scaffold = OraculusClient.getInstance().getModuleRepository().getModule(ScaffoldModule.class);
              ^
    符号:   类 ScaffoldModule
    位置: 类 JumpResetMode
  C:\Users\27881\Documents\Opal-v2-build-main\src\client\java\wtf\oraculus\client\feature\module\impl\combat\velocity\impl\JumpResetMode.java:220: 错误: 找不到符号
              ScaffoldModule scaffold = OraculusClient.getInstance().getModuleRepository().getModule(ScaffoldModule.class);
                                                                                                     ^
    符号:   类 ScaffoldModule
    位置: 类 JumpResetMode
  C:\Users\27881\Documents\Opal-v2-build-main\src\client\java\wtf\oraculus\client\feature\module\impl\combat\velocity\impl\JumpResetMode.java:227: 错误: 找不到符号
          ScaffoldModule scaffold = OraculusClient.getInstance().getModuleRepository().getModule(ScaffoldModule.class);
          ^
    符号:   类 ScaffoldModule
    位置: 类 JumpResetMode
  C:\Users\27881\Documents\Opal-v2-build-main\src\client\java\wtf\oraculus\client\feature\module\impl\combat\velocity\impl\JumpResetMode.java:227: 错误: 找不到符号
          ScaffoldModule scaffold = OraculusClient.getInstance().getModuleRepository().getModule(ScaffoldModule.class);
                                                                                                 ^
    符号:   类 ScaffoldModule
    位置: 类 JumpResetMode
  C:\Users\27881\Documents\Opal-v2-build-main\src\client\java\wtf\oraculus\client\feature\module\impl\combat\velocity\impl\JumpResetMode.java:126: 错误: mode 在 VelocityModule 中是 private 访问控制
          if ((module.mode.is("Jump Reset") || module.mode.is("Mix"))
                     ^
  C:\Users\27881\Documents\Opal-v2-build-main\src\client\java\wtf\oraculus\client\feature\module\impl\combat\velocity\impl\JumpResetMode.java:126: 错误: mode 在 VelocityModule 中是 private 访问控制
          if ((module.mode.is("Jump Reset") || module.mode.is("Mix"))
                                                     ^
  C:\Users\27881\Documents\Opal-v2-build-main\src\client\java\wtf\oraculus\client\feature\module\impl\combat\velocity\impl\JumpResetMode.java:136: 错误: mode 在 VelocityModule 中是 private 访问控制
          if (mc.player == null || !module.mode.is("Jump Reset")) return;
                                          ^
  C:\Users\27881\Documents\Opal-v2-build-main\src\client\java\wtf\oraculus\client\feature\module\impl\combat\velocity\impl\JumpResetMode.java:202: 错误: mode 在 VelocityModule 中是 private 访问控制
          if (!module.mode.is("Jump Reset") && !module.mode.is("Mix")) return;
                     ^
  C:\Users\27881\Documents\Opal-v2-build-main\src\client\java\wtf\oraculus\client\feature\module\impl\combat\velocity\impl\JumpResetMode.java:202: 错误: mode 在 VelocityModule 中是 private 访问控制
          if (!module.mode.is("Jump Reset") && !module.mode.is("Mix")) return;
                                                      ^
  C:\Users\27881\Documents\Opal-v2-build-main\src\client\java\wtf\oraculus\client\feature\module\impl\combat\velocity\impl\JumpResetMode.java:237: 错误: mode 在 VelocityModule 中是 private 访问控制
          if (!module.mode.is("Jump Reset") && !module.mode.is("Mix")) return;
                     ^
  C:\Users\27881\Documents\Opal-v2-build-main\src\client\java\wtf\oraculus\client\feature\module\impl\combat\velocity\impl\JumpResetMode.java:237: 错误: mode 在 VelocityModule 中是 private 访问控制
          if (!module.mode.is("Jump Reset") && !module.mode.is("Mix")) return;
                                                      ^
  C:\Users\27881\Documents\Opal-v2-build-main\src\client\java\wtf\oraculus\client\feature\module\impl\combat\velocity\impl\MixMode.java:56: 错误: mode 在 VelocityModule 中是 private 访问控制
          if (!module.mode.is("Mix")) return;
                     ^
  注: 有关详细信息, 请使用 -Xlint:unchecked 重新编译。
  C:\Users\27881\Documents\Opal-v2-build-main\src\client\java\wtf\oraculus\client\feature\module\impl\combat\velocity\impl\BufferJumpResetVelocity.java:352: 错误: 方法不会覆盖或实现超类型的方法
      @Override
      ^
  C:\Users\27881\Documents\Opal-v2-build-main\src\client\java\wtf\oraculus\client\feature\module\impl\combat\velocity\impl\BufferJumpResetVelocity.java:357: 错误: 方法不会覆盖或实现超类型的方法
      @Override
      ^
  C:\Users\27881\Documents\Opal-v2-build-main\src\client\java\wtf\oraculus\client\feature\module\impl\combat\velocity\impl\BufferJumpResetVelocity.java:362: 错误: 方法不会覆盖或实现超类型的方法
      @Override
      ^
  C:\Users\27881\Documents\Opal-v2-build-main\src\client\java\wtf\oraculus\client\feature\module\impl\combat\velocity\impl\BufferJumpResetVelocity.java:372: 错误: 方法不会覆盖或实现超类型的方法
      @Override
      ^
  C:\Users\27881\Documents\Opal-v2-build-main\src\client\java\wtf\oraculus\client\feature\module\impl\combat\velocity\impl\Heypixel3Velocity.java:234: 错误: 方法不会覆盖或实现超类型的方法
      @Override
      ^
  C:\Users\27881\Documents\Opal-v2-build-main\src\client\java\wtf\oraculus\client\feature\module\impl\combat\velocity\impl\Heypixel3Velocity.java:242: 错误: 方法不会覆盖或实现超类型的方法
      @Override
      ^
  C:\Users\27881\Documents\Opal-v2-build-main\src\client\java\wtf\oraculus\client\feature\module\impl\combat\velocity\impl\Heypixel3Velocity.java:247: 错误: 方法不会覆盖或实现超类型的方法
      @Override
      ^
  C:\Users\27881\Documents\Opal-v2-build-main\src\client\java\wtf\oraculus\client\feature\module\impl\combat\velocity\impl\Heypixel3Velocity.java:252: 错误: 方法不会覆盖或实现超类型的方法
      @Override
      ^
  C:\Users\27881\Documents\Opal-v2-build-main\src\client\java\wtf\oraculus\client\feature\module\impl\combat\velocity\impl\JumpResetVelocity.java:154: 错误: 方法不会覆盖或实现超类型的方法
      @Override
      ^
  C:\Users\27881\Documents\Opal-v2-build-main\src\client\java\wtf\oraculus\client\feature\module\impl\combat\velocity\impl\JumpResetVelocity.java:159: 错误: 方法不会覆盖或实现超类型的方法
      @Override
      ^
  C:\Users\27881\Documents\Opal-v2-build-main\src\client\java\wtf\oraculus\client\feature\module\impl\combat\velocity\impl\JumpResetVelocity.java:164: 错误: 方法不会覆盖或实现超类型的方法
      @Override
      ^
  C:\Users\27881\Documents\Opal-v2-build-main\src\client\java\wtf\oraculus\client\feature\module\impl\combat\velocity\impl\JumpResetVelocity.java:174: 错误: 方法不会覆盖或实现超类型的方法
      @Override
      ^
  注: 某些输入文件使用了未经检查或不安全的操作。
  C:\Users\27881\Documents\Opal-v2-build-main\src\client\java\wtf\oraculus\client\feature\module\impl\combat\BacktrackModule.java:362: 错误: 找不到符号
          if (velocityModule.shouldStopBacktrack()) {
                            ^
    符号:   方法 shouldStopBacktrack()
    位置: 类型为VelocityModule的变量 velocityModule
  C:\Users\27881\Documents\Opal-v2-build-main\src\client\java\wtf\oraculus\client\feature\module\impl\combat\BacktrackModule.java:366: 错误: 找不到符号
          if (velocityModule.isPaused()) {
                            ^
    符号:   方法 isPaused()
    位置: 类型为VelocityModule的变量 velocityModule
  C:\Users\27881\Documents\Opal-v2-build-main\src\client\java\wtf\oraculus\client\feature\module\impl\combat\velocity\impl\JumpResetMode.java:158: 错误: 找不到符号
              double xMotion = motion.getVelocityX() / 8000.0;
                                     ^
    符号:   方法 getVelocityX()
    位置: 类型为EntityVelocityUpdateS2CPacket的变量 motion
  C:\Users\27881\Documents\Opal-v2-build-main\src\client\java\wtf\oraculus\client\feature\module\impl\combat\velocity\impl\JumpResetMode.java:159: 错误: 找不到符号
              double zMotion = motion.getVelocityZ() / 8000.0;
                                     ^
    符号:   方法 getVelocityZ()
    位置: 类型为EntityVelocityUpdateS2CPacket的变量 motion
  C:\Users\27881\Documents\Opal-v2-build-main\src\client\java\wtf\oraculus\client\feature\module\impl\combat\velocity\impl\JumpResetMode.java:168: 错误: 找不到符号
                      RotationHelper.getInstance().setRotation(kbRotation, 180, 10, true);
                                    ^
    符号:   方法 getInstance()
    位置: 类 RotationHelper
  C:\Users\27881\Documents\Opal-v2-build-main\src\client\java\wtf\oraculus\client\feature\module\impl\combat\velocity\impl\JumpResetMode.java:265: 错误: 找不到符号
                              RotationHelper.getInstance().setRotation(this.targetRotation, 180, 10, true);
                                            ^
    符号:   方法 getInstance()
    位置: 类 RotationHelper
  注: C:\Users\27881\Documents\Opal-v2-build-main\src\client\java\wtf\oraculus\client\feature\module\impl\utility\ServerPackSpoofModule.java使用或覆盖了已过时的 API。
  警告: 未知的枚举常量 Level.FULL
    原因: 找不到com.google.j2objc.annotations.ReflectionSupport$Level的类文件
  C:\Users\27881\Documents\Opal-v2-build-main\src\client\java\wtf\oraculus\client\feature\module\impl\combat\velocity\impl\JumpResetMode.java:126: 错误: 不兼容的类型: String无法转换为Mode
          if ((module.mode.is("Jump Reset") || module.mode.is("Mix"))
                              ^
  C:\Users\27881\Documents\Opal-v2-build-main\src\client\java\wtf\oraculus\client\feature\module\impl\combat\velocity\impl\JumpResetMode.java:126: 错误: 不兼容的类型: String无法转换为Mode
          if ((module.mode.is("Jump Reset") || module.mode.is("Mix"))
                                                              ^
  C:\Users\27881\Documents\Opal-v2-build-main\src\client\java\wtf\oraculus\client\feature\module\impl\combat\velocity\impl\JumpResetMode.java:136: 错误: 不兼容的类型: String无法转换为Mode
          if (mc.player == null || !module.mode.is("Jump Reset")) return;
                                                   ^
  C:\Users\27881\Documents\Opal-v2-build-main\src\client\java\wtf\oraculus\client\feature\module\impl\combat\velocity\impl\JumpResetMode.java:202: 错误: 不兼容的类型: String无法转换为Mode
          if (!module.mode.is("Jump Reset") && !module.mode.is("Mix")) return;
                              ^
  C:\Users\27881\Documents\Opal-v2-build-main\src\client\java\wtf\oraculus\client\feature\module\impl\combat\velocity\impl\JumpResetMode.java:202: 错误: 不兼容的类型: String无法转换为Mode
          if (!module.mode.is("Jump Reset") && !module.mode.is("Mix")) return;
                                                               ^
  C:\Users\27881\Documents\Opal-v2-build-main\src\client\java\wtf\oraculus\client\feature\module\impl\combat\velocity\impl\JumpResetMode.java:237: 错误: 不兼容的类型: String无法转换为Mode
          if (!module.mode.is("Jump Reset") && !module.mode.is("Mix")) return;
                              ^
  C:\Users\27881\Documents\Opal-v2-build-main\src\client\java\wtf\oraculus\client\feature\module\impl\combat\velocity\impl\JumpResetMode.java:237: 错误: 不兼容的类型: String无法转换为Mode
          if (!module.mode.is("Jump Reset") && !module.mode.is("Mix")) return;
                                                               ^
  C:\Users\27881\Documents\Opal-v2-build-main\src\client\java\wtf\oraculus\client\feature\module\impl\combat\velocity\impl\MixMode.java:56: 错误: 不兼容的类型: String无法转换为Mode
          if (!module.mode.is("Mix")) return;
                              ^
  C:\Users\27881\Documents\Opal-v2-build-main\src\client\java\wtf\oraculus\client\feature\module\impl\combat\velocity\impl\BufferJumpResetVelocity.java:34: 错误: BufferJumpResetVelocity不是抽象的, 并且未覆盖VelocityMode中的抽象方法getName()
  public final class BufferJumpResetVelocity extends VelocityMode {
               ^
  C:\Users\27881\Documents\Opal-v2-build-main\src\client\java\wtf\oraculus\client\feature\module\impl\combat\velocity\impl\CubeCraftVelocity.java:20: 错误: CubeCraftVelocity不是抽象的, 并且未覆盖VelocityMode中的抽象方法getName()
  public final class CubeCraftVelocity extends VelocityMode {
               ^
  C:\Users\27881\Documents\Opal-v2-build-main\src\client\java\wtf\oraculus\client\feature\module\impl\combat\velocity\impl\Heypixel3Velocity.java:20: 错误: Heypixel3Velocity不是抽象的, 并且未覆盖VelocityMode中的抽象方法getName()
  public final class Heypixel3Velocity extends VelocityMode {
               ^
  C:\Users\27881\Documents\Opal-v2-build-main\src\client\java\wtf\oraculus\client\feature\module\impl\combat\velocity\impl\HypixelReduceVelocity.java:28: 错误: HypixelReduceVelocity不是抽象的, 并且未覆盖VelocityMode中的抽象方法getName()
  public final class HypixelReduceVelocity extends VelocityMode {
               ^
  C:\Users\27881\Documents\Opal-v2-build-main\src\client\java\wtf\oraculus\client\feature\module\impl\combat\velocity\impl\IntaveVelocity.java:21: 错误: IntaveVelocity不是抽象的, 并且未覆盖VelocityMode中的抽象方法getName()
  public final class IntaveVelocity extends VelocityMode {
               ^
  C:\Users\27881\Documents\Opal-v2-build-main\src\client\java\wtf\oraculus\client\feature\module\impl\combat\velocity\impl\JumpResetVelocity.java:21: 错误: JumpResetVelocity不是抽象的, 并且未覆盖VelocityMode中的抽象方法getName()
  public final class JumpResetVelocity extends VelocityMode {
               ^
  注: 某些消息已经过简化; 请使用 -Xdiags:verbose 重新编译以获得完整输出
  C:\Users\27881\Documents\Opal-v2-build-main\src\client\java\wtf\oraculus\client\feature\module\impl\combat\velocity\impl\JumpResetMode.java:12: 错误: 程序包wtf.oraculus.client.feature.module.impl.movement.scaffold不存在
  import wtf.oraculus.client.feature.module.impl.movement.scaffold.ScaffoldModule;
                                                                  ^
  C:\Users\27881\Documents\Opal-v2-build-main\src\client\java\wtf\oraculus\client\feature\module\impl\combat\velocity\impl\JumpResetMode.java:13: 错误: 程序包wtf.oraculus.client.feature.module.impl.player.nofall不存在
  import wtf.oraculus.client.feature.module.impl.player.nofall.NoFallModule;
                                                              ^
  C:\Users\27881\Documents\Opal-v2-build-main\src\client\java\wtf\oraculus\client\feature\module\impl\combat\velocity\impl\JumpResetMode.java:14: 错误: 程序包wtf.oraculus.client.feature.module.impl.combat.backtrack不存在
  import wtf.oraculus.client.feature.module.impl.combat.backtrack.BacktrackModule;
                                                                 ^
  C:\Users\27881\Documents\Opal-v2-build-main\src\client\java\wtf\oraculus\client\feature\module\impl\combat\velocity\impl\NoXZMode.java:13: 错误: 程序包wtf.oraculus.client.feature.module.impl.movement.timer不存在
  import wtf.oraculus.client.feature.module.impl.movement.timer.TimerModule;
                                                               ^
  C:\Users\27881\Documents\Opal-v2-build-main\src\client\java\wtf\oraculus\client\feature\module\impl\combat\velocity\impl\NoXZMode.java:22: 错误: 程序包wtf.oraculus.utility.helper不存在
  import wtf.oraculus.utility.helper.TimerHelper;
                                    ^
  100 个错误
  1 个警告

* Try:
> Check your code and dependencies to fix the compilation error(s)
> Run with --scan to generate a Build Scan (powered by Develocity).

Deprecated Gradle features were used in this build, making it incompatible with Gradle 10.

You can use '--warning-mode all' to show the individual deprecation warnings and determine if they come from your own scripts or plugins.

For more on this, please refer to https://docs.gradle.org/9.2.0/userguide/command_line_interface.html#sec:command_line_warnings in the Gradle documentation.

BUILD FAILED in 20s
1 actionable task: 1 executed
